// Jest Snapshot v1, https://goo.gl/fbAQLP

exports[`Editor page should match the snapshot 1`] = `
<div>
  <Header />
  <div>
    <textarea
      id="#textarea"
      placeholder="Write message..."
    />
  </div>
</div>
`;
